// Jest Snapshot v1, https://goo.gl/fbAQLP

exports[`App.js 1`] = `
<div
  className="App"
>
  <header>
    <nav
      className="navbar navbar-default"
    >
      <div
        className="container-fluid"
      >
        <a
          className="navbar-brand"
          href=""
        >
          Currency Exchange Rate
        </a>
        <div
          className="collapse navbar-collapse"
          id="bs-example-navbar-collapse-1"
        >
          <ul
            className="nav navbar-nav navbar-right"
          >
            <li>
              <a
                href="https://github.com/cklll/exchange-rate"
                target="_blank"
              >
                GitHub
              </a>
            </li>
          </ul>
        </div>
      </div>
    </nav>
  </header>
  <div
    className="MainContainer"
  >
    <div>
      <div
        className="converter container"
      >
        <form>
          <div
            className="container"
          >
            <div
              className="show-grid form-group row"
            >
              <div
                className="col-xs-12"
              >
                <div
                  className="dropdown btn-group btn-group-info"
                >
                  <button
                    aria-expanded={false}
                    aria-haspopup={true}
                    className="dropdown-toggle btn btn-info"
                    disabled={false}
                    id="fromDropwdown"
                    onClick={[Function]}
                    onKeyDown={[Function]}
                    role="button"
                    type="button"
                  >
                    <span>
                      <img
                        alt="HKD"
                        className="flag flag-hk"
                        src="../assets/blank.gif"
                      />
                      HKD
                    </span>
                     
                    <span
                      className="caret"
                    />
                  </button>
                  <ul
                    aria-labelledby="fromDropwdown"
                    className="dropdown-menu"
                    role="menu"
                  >
                    <li
                      className=""
                      role="presentation"
                    >
                      <a
                        href="#"
                        onClick={[Function]}
                        onKeyDown={[Function]}
                        role="menuitem"
                        tabIndex="-1"
                      >
                        <img
                          alt="USD"
                          className="flag flag-us"
                          src="../assets/blank.gif"
                        />
                        USD
                      </a>
                    </li>
                    <li
                      className=""
                      role="presentation"
                    >
                      <a
                        href="#"
                        onClick={[Function]}
                        onKeyDown={[Function]}
                        role="menuitem"
                        tabIndex="-1"
                      >
                        <img
                          alt="HKD"
                          className="flag flag-hk"
                          src="../assets/blank.gif"
                        />
                        HKD
                      </a>
                    </li>
                    <li
                      className=""
                      role="presentation"
                    >
                      <a
                        href="#"
                        onClick={[Function]}
                        onKeyDown={[Function]}
                        role="menuitem"
                        tabIndex="-1"
                      >
                        <img
                          alt="EUR"
                          className="flag flag-eu"
                          src="../assets/blank.gif"
                        />
                        EUR
                      </a>
                    </li>
                    <li
                      className=""
                      role="presentation"
                    >
                      <a
                        href="#"
                        onClick={[Function]}
                        onKeyDown={[Function]}
                        role="menuitem"
                        tabIndex="-1"
                      >
                        <img
                          alt="GBP"
                          className="flag flag-gb"
                          src="../assets/blank.gif"
                        />
                        GBP
                      </a>
                    </li>
                  </ul>
                </div>
                <input
                  className="form-control"
                  defaultValue={1}
                  min="0"
                  onChange={[Function]}
                  type="number"
                />
                <p
                  className="error"
                >
                  Please input a positive number
                </p>
              </div>
            </div>
            <div
              className="row"
            >
              <div
                className="equal-to col-xs-12"
              >
                <button
                  className="btn btn-primary btn-swap"
                  onClick={[Function]}
                  type="button"
                >
                  â‡…
                </button>
              </div>
            </div>
            <div
              className="row"
            >
              <div
                className="col-xs-12"
              >
                <div
                  className="dropdown btn-group btn-group-info"
                >
                  <button
                    aria-expanded={false}
                    aria-haspopup={true}
                    className="dropdown-toggle btn btn-info"
                    disabled={false}
                    id="toDropwdown"
                    onClick={[Function]}
                    onKeyDown={[Function]}
                    role="button"
                    type="button"
                  >
                    <span>
                      <img
                        alt="USD"
                        className="flag flag-us"
                        src="../assets/blank.gif"
                      />
                      USD
                    </span>
                     
                    <span
                      className="caret"
                    />
                  </button>
                  <ul
                    aria-labelledby="toDropwdown"
                    className="dropdown-menu"
                    role="menu"
                  >
                    <li
                      className=""
                      role="presentation"
                    >
                      <a
                        href="#"
                        onClick={[Function]}
                        onKeyDown={[Function]}
                        role="menuitem"
                        tabIndex="-1"
                      >
                        <img
                          alt="USD"
                          className="flag flag-us"
                          src="../assets/blank.gif"
                        />
                        USD
                      </a>
                    </li>
                    <li
                      className=""
                      role="presentation"
                    >
                      <a
                        href="#"
                        onClick={[Function]}
                        onKeyDown={[Function]}
                        role="menuitem"
                        tabIndex="-1"
                      >
                        <img
                          alt="HKD"
                          className="flag flag-hk"
                          src="../assets/blank.gif"
                        />
                        HKD
                      </a>
                    </li>
                    <li
                      className=""
                      role="presentation"
                    >
                      <a
                        href="#"
                        onClick={[Function]}
                        onKeyDown={[Function]}
                        role="menuitem"
                        tabIndex="-1"
                      >
                        <img
                          alt="EUR"
                          className="flag flag-eu"
                          src="../assets/blank.gif"
                        />
                        EUR
                      </a>
                    </li>
                    <li
                      className=""
                      role="presentation"
                    >
                      <a
                        href="#"
                        onClick={[Function]}
                        onKeyDown={[Function]}
                        role="menuitem"
                        tabIndex="-1"
                      >
                        <img
                          alt="GBP"
                          className="flag flag-gb"
                          src="../assets/blank.gif"
                        />
                        GBP
                      </a>
                    </li>
                  </ul>
                </div>
                <input
                  className="form-control"
                  readOnly={true}
                  type="text"
                  value="loading..."
                />
              </div>
            </div>
          </div>
        </form>
      </div>
      <hr
        className="container"
      />
      <div
        className="history container"
      >
        <h2>
          History
        </h2>
        <div
          className="loader show"
        >
          <div
            className="loader-inner"
          />
        </div>
        <table
          className="table"
        >
          <thead>
            <tr>
              <th>
                Date (YYYY-MM-DD) 
              </th>
              <th>
                Rate (1 
                HKD
                 to 
                USD
                ) 
              </th>
              <th />
            </tr>
          </thead>
          <tbody />
        </table>
      </div>
    </div>
  </div>
</div>
`;

exports[`App.js 2`] = `
<div
  className="App"
>
  <header>
    <nav
      className="navbar navbar-default"
    >
      <div
        className="container-fluid"
      >
        <a
          className="navbar-brand"
          href=""
        >
          Currency Exchange Rate
        </a>
        <div
          className="collapse navbar-collapse"
          id="bs-example-navbar-collapse-1"
        >
          <ul
            className="nav navbar-nav navbar-right"
          >
            <li>
              <a
                href="https://github.com/cklll/exchange-rate"
                target="_blank"
              >
                GitHub
              </a>
            </li>
          </ul>
        </div>
      </div>
    </nav>
  </header>
  <div
    className="MainContainer"
  >
    <div>
      <div
        className="converter container"
      >
        <form>
          <div
            className="container"
          >
            <div
              className="show-grid form-group row"
            >
              <div
                className="col-xs-12"
              >
                <div
                  className="dropdown btn-group btn-group-info"
                >
                  <button
                    aria-expanded={false}
                    aria-haspopup={true}
                    className="dropdown-toggle btn btn-info"
                    disabled={false}
                    id="fromDropwdown"
                    onClick={[Function]}
                    onKeyDown={[Function]}
                    role="button"
                    type="button"
                  >
                    <span>
                      <img
                        alt="HKD"
                        className="flag flag-hk"
                        src="../assets/blank.gif"
                      />
                      HKD
                    </span>
                     
                    <span
                      className="caret"
                    />
                  </button>
                  <ul
                    aria-labelledby="fromDropwdown"
                    className="dropdown-menu"
                    role="menu"
                  >
                    <li
                      className=""
                      role="presentation"
                    >
                      <a
                        href="#"
                        onClick={[Function]}
                        onKeyDown={[Function]}
                        role="menuitem"
                        tabIndex="-1"
                      >
                        <img
                          alt="USD"
                          className="flag flag-us"
                          src="../assets/blank.gif"
                        />
                        USD
                      </a>
                    </li>
                    <li
                      className=""
                      role="presentation"
                    >
                      <a
                        href="#"
                        onClick={[Function]}
                        onKeyDown={[Function]}
                        role="menuitem"
                        tabIndex="-1"
                      >
                        <img
                          alt="HKD"
                          className="flag flag-hk"
                          src="../assets/blank.gif"
                        />
                        HKD
                      </a>
                    </li>
                    <li
                      className=""
                      role="presentation"
                    >
                      <a
                        href="#"
                        onClick={[Function]}
                        onKeyDown={[Function]}
                        role="menuitem"
                        tabIndex="-1"
                      >
                        <img
                          alt="EUR"
                          className="flag flag-eu"
                          src="../assets/blank.gif"
                        />
                        EUR
                      </a>
                    </li>
                    <li
                      className=""
                      role="presentation"
                    >
                      <a
                        href="#"
                        onClick={[Function]}
                        onKeyDown={[Function]}
                        role="menuitem"
                        tabIndex="-1"
                      >
                        <img
                          alt="GBP"
                          className="flag flag-gb"
                          src="../assets/blank.gif"
                        />
                        GBP
                      </a>
                    </li>
                  </ul>
                </div>
                <input
                  className="form-control"
                  defaultValue={1}
                  min="0"
                  onChange={[Function]}
                  type="number"
                />
                <p
                  className="error"
                >
                  Please input a positive number
                </p>
              </div>
            </div>
            <div
              className="row"
            >
              <div
                className="equal-to col-xs-12"
              >
                <button
                  className="btn btn-primary btn-swap"
                  onClick={[Function]}
                  type="button"
                >
                  â‡…
                </button>
              </div>
            </div>
            <div
              className="row"
            >
              <div
                className="col-xs-12"
              >
                <div
                  className="dropdown btn-group btn-group-info"
                >
                  <button
                    aria-expanded={false}
                    aria-haspopup={true}
                    className="dropdown-toggle btn btn-info"
                    disabled={false}
                    id="toDropwdown"
                    onClick={[Function]}
                    onKeyDown={[Function]}
                    role="button"
                    type="button"
                  >
                    <span>
                      <img
                        alt="USD"
                        className="flag flag-us"
                        src="../assets/blank.gif"
                      />
                      USD
                    </span>
                     
                    <span
                      className="caret"
                    />
                  </button>
                  <ul
                    aria-labelledby="toDropwdown"
                    className="dropdown-menu"
                    role="menu"
                  >
                    <li
                      className=""
                      role="presentation"
                    >
                      <a
                        href="#"
                        onClick={[Function]}
                        onKeyDown={[Function]}
                        role="menuitem"
                        tabIndex="-1"
                      >
                        <img
                          alt="USD"
                          className="flag flag-us"
                          src="../assets/blank.gif"
                        />
                        USD
                      </a>
                    </li>
                    <li
                      className=""
                      role="presentation"
                    >
                      <a
                        href="#"
                        onClick={[Function]}
                        onKeyDown={[Function]}
                        role="menuitem"
                        tabIndex="-1"
                      >
                        <img
                          alt="HKD"
                          className="flag flag-hk"
                          src="../assets/blank.gif"
                        />
                        HKD
                      </a>
                    </li>
                    <li
                      className=""
                      role="presentation"
                    >
                      <a
                        href="#"
                        onClick={[Function]}
                        onKeyDown={[Function]}
                        role="menuitem"
                        tabIndex="-1"
                      >
                        <img
                          alt="EUR"
                          className="flag flag-eu"
                          src="../assets/blank.gif"
                        />
                        EUR
                      </a>
                    </li>
                    <li
                      className=""
                      role="presentation"
                    >
                      <a
                        href="#"
                        onClick={[Function]}
                        onKeyDown={[Function]}
                        role="menuitem"
                        tabIndex="-1"
                      >
                        <img
                          alt="GBP"
                          className="flag flag-gb"
                          src="../assets/blank.gif"
                        />
                        GBP
                      </a>
                    </li>
                  </ul>
                </div>
                <input
                  className="form-control"
                  readOnly={true}
                  type="text"
                  value="loading..."
                />
              </div>
            </div>
          </div>
        </form>
      </div>
      <hr
        className="container"
      />
      <div
        className="history container"
      >
        <h2>
          History
        </h2>
        <div
          className="loader show"
        >
          <div
            className="loader-inner"
          />
        </div>
        <table
          className="table"
        >
          <thead>
            <tr>
              <th>
                Date (YYYY-MM-DD) 
              </th>
              <th>
                Rate (1 
                HKD
                 to 
                USD
                ) 
              </th>
              <th />
            </tr>
          </thead>
          <tbody />
        </table>
      </div>
    </div>
  </div>
</div>
`;
